// Jest Snapshot v1, https://goo.gl/fbAQLP

exports[`Cart item Test Should render the component 1`] = `
<DocumentFragment>
  .c0 {
  display: grid;
  width: 100%;
  grid-template-columns: 1fr 2fr 2fr 1fr 1fr 1fr;
  grid-auto-rows: 15rem;
  font-size: 1.8rem;
}

.c1 {
  justify-self: center;
  -webkit-align-self: center;
  -ms-flex-item-align: center;
  align-self: center;
}

.c2 {
  height: 100%;
  justify-self: center;
}

.c3 {
  text-transform: uppercase;
  justify-self: center;
  -webkit-align-self: center;
  -ms-flex-item-align: center;
  align-self: center;
  text-align: center;
}

.c7 {
  justify-self: center;
  -webkit-align-self: center;
  -ms-flex-item-align: center;
  align-self: center;
}

.c4 {
  justify-self: center;
  -webkit-align-self: center;
  -ms-flex-item-align: center;
  align-self: center;
  display: -webkit-box;
  display: -webkit-flex;
  display: -ms-flexbox;
  display: flex;
  -webkit-align-items: center;
  -webkit-box-align: center;
  -ms-flex-align: center;
  align-items: center;
}

.c5 {
  font-size: 1.4rem;
}

.c5:hover {
  cursor: pointer;
}

.c6 {
  margin: 0 .5rem;
}

.c8 {
  justify-self: center;
  -webkit-align-self: center;
  -ms-flex-item-align: center;
  align-self: center;
}

.c8:hover {
  cursor: pointer;
}

<li
    class="c0"
  >
    <span
      class="c1"
    />
    <img
      alt="name"
      class="c2"
      src="some-img.jpg"
    />
    <span
      class="c3"
      data-testid="name"
    >
      name
    </span>
    <div
      class="c4"
    >
      <span
        class="c5"
        data-testid="removeItemFromCart"
      >
        ❮
      </span>
      <span
        class="c6"
        data-testid="quantity"
      >
        2
      </span>
      <span
        class="c5"
        data-testid="addItemToCart"
      >
        ❯
      </span>
    </div>
    <span
      class="c7"
    >
      200.00
    </span>
    <div
      class="c8"
    >
      ✕
    </div>
  </li>
</DocumentFragment>
`;
